{
    "Should run without failures": {
        "content": [
            {
                "0": [
                    "annotation_from_gtf.sqlite:md5,e4cfc9ff75637f86402ec1824aedb3c3"
                ],
                "1": [
                    "versions.yml:md5,1c1845e42048018bee54f2a9b93fb29f"
                ],
                "txdb": [
                    "annotation_from_gtf.sqlite:md5,e4cfc9ff75637f86402ec1824aedb3c3"
                ],
                "versions": [
                    "versions.yml:md5,1c1845e42048018bee54f2a9b93fb29f"
                ]
            }
        ],
        "meta": {
            "nf-test": "0.8.4",
            "nextflow": "23.10.0"
        },
        "timestamp": "2025-08-05T14:41:23.106611"
    }
}